// Jest Snapshot v1, https://goo.gl/fbAQLP

exports[`TagInputField should render correctly 1`] = `
<DocumentFragment>
  .cache-ymc80m-Stack {
  display: -webkit-box;
  display: -webkit-flex;
  display: -ms-flexbox;
  display: flex;
  gap: 4px;
  -webkit-flex-direction: column;
  -ms-flex-direction: column;
  flex-direction: column;
  -webkit-align-items: normal;
  -webkit-box-align: normal;
  -ms-flex-align: normal;
  align-items: normal;
  -webkit-box-pack: normal;
  -ms-flex-pack: normal;
  -webkit-justify-content: normal;
  justify-content: normal;
  -webkit-box-flex-wrap: nowrap;
  -webkit-flex-wrap: nowrap;
  -ms-flex-wrap: nowrap;
  flex-wrap: nowrap;
}

.cache-h4to4s-TagInputContainer {
  display: -webkit-box;
  display: -webkit-flex;
  display: -ms-flexbox;
  display: flex;
  gap: 8px;
  background-color: #ffffff;
  padding: calc(12px - 1px) 16px;
  cursor: text;
  background: #ffffff;
  border: 1px solid #d9dadd;
  border-radius: 4px;
}

.cache-h4to4s-TagInputContainer:focus-within {
  border-color: #792dd4;
  box-shadow: 0px 0px 0px 3px #8c40ef40;
}

.cache-h4to4s-TagInputContainer[data-success='true'] {
  border-color: #22674e;
}

.cache-h4to4s-TagInputContainer[data-error='true'] {
  border-color: #b3144d;
}

.cache-h4to4s-TagInputContainer:hover {
  border-color: #792dd4;
}

.cache-h4to4s-TagInputContainer[data-readonly='true'] {
  border-color: #d9dadd;
  background: #f9f9fa;
}

.cache-h4to4s-TagInputContainer[data-disabled='true'] {
  border-color: #e9eaeb;
  background: #f3f3f4;
  cursor: not-allowed;
}

.cache-bi6n77-DataContainer {
  height: 100%;
  display: -webkit-box;
  display: -webkit-flex;
  display: -ms-flexbox;
  display: flex;
  -webkit-box-flex-wrap: wrap;
  -webkit-flex-wrap: wrap;
  -ms-flex-wrap: wrap;
  flex-wrap: wrap;
  -webkit-align-items: center;
  -webkit-box-align: center;
  -ms-flex-align: center;
  align-items: center;
  gap: 8px;
  -webkit-flex: 1;
  -ms-flex: 1;
  flex: 1;
}

.cache-1cbq1zy-StyledInput {
  display: -webkit-box;
  display: -webkit-flex;
  display: -ms-flexbox;
  display: flex;
  -webkit-flex: 1;
  -ms-flex: 1;
  flex: 1;
  font-size: 14px;
  background: inherit;
  color: #3f4250;
  border: none;
  outline: none;
  height: 100%;
}

.cache-1cbq1zy-StyledInput::-webkit-input-placeholder {
  color: #727683;
}

.cache-1cbq1zy-StyledInput::-moz-placeholder {
  color: #727683;
}

.cache-1cbq1zy-StyledInput:-ms-input-placeholder {
  color: #727683;
}

.cache-1cbq1zy-StyledInput::placeholder {
  color: #727683;
}

.cache-1cbq1zy-StyledInput[data-size='large'] {
  font-size: 16px;
}

<form
    novalidate=""
  >
    <div
      class="cache-ymc80m-Stack ehpbis70"
    >
      <div>
        <div
          class="cache-h4to4s-TagInputContainer ea7vc6o3"
          data-disabled="false"
          data-error="false"
          data-readonly="false"
          data-success="false"
        >
          <div
            class="cache-bi6n77-DataContainer ea7vc6o2"
          >
            <input
              aria-label="test"
              class="cache-1cbq1zy-StyledInput ea7vc6o0"
              data-size="large"
              id=":r0:"
              name="test"
              placeholder="placeholder"
              type="text"
              value=""
            />
          </div>
        </div>
      </div>
    </div>
  </form>
</DocumentFragment>
`;
