// Jest Snapshot v1, https://goo.gl/fbAQLP

exports[`Image render correctly 1`] = `
<DocumentFragment>
  <img
    class="emotion-0"
    src="//toto.png"
  />
</DocumentFragment>
`;
