// Jest Snapshot v1, https://goo.gl/fbAQLP

exports[`EstimateCost - CustomUnitInput render default values 1`] = `
<DocumentFragment>
  .cache-e8qtir {
  display: grid;
  grid-template-columns: 1fr auto;
  -webkit-align-items: normal;
  -webkit-box-align: normal;
  -ms-flex-align: normal;
  align-items: normal;
  -webkit-box-pack: normal;
  -ms-flex-pack: normal;
  -webkit-justify-content: normal;
  justify-content: normal;
}

.cache-igijr9-CustomTextInput input {
  border-radius: 4px 0 0 4px;
  min-width: 60px;
  border-right: 0;
}

.cache-igijr9-CustomTextInput input:hover,
.cache-igijr9-CustomTextInput input:focus {
  -webkit-text-decoration: none;
  text-decoration: none;
  border-right-width: 1px;
  border-right-style: solid;
  border-color: #521094;
}

.cache-igijr9-CustomTextInput input[type='number']::-webkit-inner-spin-button,
.cache-igijr9-CustomTextInput input[type='number']::-webkit-outer-spin-button {
  -webkit-appearance: none;
  margin: 0;
}

.cache-igijr9-CustomTextInput input[type='number'] {
  -moz-appearance: textfield;
}

.cache-bjn8wh {
  position: relative;
}

.cache-1ehejze {
  -webkit-transition: border-color 0.2s ease,box-shadow 0.2s ease;
  transition: border-color 0.2s ease,box-shadow 0.2s ease;
  -webkit-appearance: none;
  -moz-appearance: none;
  -ms-appearance: none;
  appearance: none;
  background-color: #ffffff;
  background-image: none;
  border: 1px solid #d9dadd;
  border-radius: 4px;
  color: #3f4250;
  display: block;
  max-width: 100%;
  outline: none;
  position: relative;
  width: 100%;
  padding-left: 8px;
  padding-right: 8px;
  padding-top: 14px;
  font-size: 16px;
  line-height: 24px;
  height: 48px;
  padding-left: 8px;
  padding-right: 20px;
  padding-top: 14px;
  padding: 8px;
}

.cache-1ehejze::-webkit-input-placeholder {
  color: #727683;
  opacity: 0;
}

.cache-1ehejze::-moz-placeholder {
  color: #727683;
  opacity: 0;
}

.cache-1ehejze:-ms-input-placeholder {
  color: #727683;
  opacity: 0;
}

.cache-1ehejze::placeholder {
  color: #727683;
  opacity: 0;
}

.cache-1ehejze:hover,
.cache-1ehejze:focus {
  border-color: #792dd4;
}

.cache-1ehejze:focus {
  box-shadow: 0px 0px 0px 3px #8c40ef40;
  border-color: #792dd4;
}

.cache-1ehejze::-webkit-input-placeholder {
  opacity: 1;
}

.cache-1ehejze::-moz-placeholder {
  opacity: 1;
}

.cache-1ehejze:-ms-input-placeholder {
  opacity: 1;
}

.cache-1ehejze::placeholder {
  opacity: 1;
}

.cache-1lt3r2p {
  -webkit-transition: max-height 300ms ease-out,opacity 300ms ease-out;
  transition: max-height 300ms ease-out,opacity 300ms ease-out;
  overflow: hidden;
  height: auto;
  max-height: 0px;
}

.cache-xbtm7g {
  font-size: 12px;
  color: #b3144d;
  padding-top: 2px;
}

.cache-1r22via-container-StyledContainer-CustomSelectInput-CustomSelectInput {
  width: 100%;
  position: relative;
  box-sizing: border-box;
  height: 40px;
  height: 40px;
}

.cache-1r22via-container-StyledContainer-CustomSelectInput-CustomSelectInput:hover,
.cache-1r22via-container-StyledContainer-CustomSelectInput-CustomSelectInput:focus {
  -webkit-text-decoration: none;
  text-decoration: none;
  border-color: #521094;
  box-shadow: none;
}

.cache-1r22via-container-StyledContainer-CustomSelectInput-CustomSelectInput:hover,
.cache-1r22via-container-StyledContainer-CustomSelectInput-CustomSelectInput:focus {
  -webkit-text-decoration: none;
  text-decoration: none;
  border-color: #521094;
  box-shadow: none;
}

.cache-1f43avz-a11yText-A11yText {
  z-index: 9999;
  border: 0;
  clip: rect(1px, 1px, 1px, 1px);
  height: 1px;
  width: 1px;
  position: absolute;
  overflow: hidden;
  padding: 0;
  white-space: nowrap;
}

.cache-zhj3xq-control {
  -webkit-align-items: center;
  -webkit-box-align: center;
  -ms-flex-align: center;
  align-items: center;
  cursor: pointer;
  display: -webkit-box;
  display: -webkit-flex;
  display: -ms-flexbox;
  display: flex;
  -webkit-box-flex-wrap: wrap;
  -webkit-flex-wrap: wrap;
  -ms-flex-wrap: wrap;
  flex-wrap: wrap;
  -webkit-box-pack: justify;
  -webkit-justify-content: space-between;
  justify-content: space-between;
  min-height: 40px;
  outline: 0!important;
  position: relative;
  -webkit-transition: border-color 200ms ease,box-shadow 200ms ease;
  transition: border-color 200ms ease,box-shadow 200ms ease;
  background-color: #ffffff;
  border-color: #d9dadd;
  border-radius: 4px;
  border-style: solid;
  border-width: 1px;
  box-shadow: none;
  box-sizing: border-box;
  color: #3f4250;
  font-size: 16px;
  font-weight: 500;
  line-height: 24px;
  border-bottom-left-radius: 0;
  border-top-left-radius: 0;
  height: 40px;
  -webkit-animation: none;
  animation: none;
}

.cache-zhj3xq-control:hover {
  border-color: hsl(0, 0%, 70%);
}

.cache-zhj3xq-control:focus-within {
  border-color: #8c40ef;
  box-shadow: 0px 0px 0px 3px #8c40ef40;
}

.cache-zhj3xq-control:hover {
  border-color: #792dd4;
}

.cache-1827o3p-ValueContainer {
  -webkit-align-items: center;
  -webkit-box-align: center;
  -ms-flex-align: center;
  align-items: center;
  display: grid;
  -webkit-flex: 1;
  -ms-flex: 1;
  flex: 1;
  -webkit-box-flex-wrap: wrap;
  -webkit-flex-wrap: wrap;
  -ms-flex-wrap: wrap;
  flex-wrap: wrap;
  -webkit-overflow-scrolling: touch;
  position: relative;
  overflow: hidden;
  padding: 2px 8px;
  box-sizing: border-box;
  height: 100%;
  padding-top: 0;
}

.cache-1827o3p-ValueContainer label {
  display: none;
}

.cache-110bzf5 {
  position: absolute;
  left: 0;
  font-weight: 400;
  pointer-events: none;
  color: #3f4250;
  white-space: nowrap;
  width: 100%;
  height: 100%;
  font-size: 16px;
  -webkit-transition: -webkit-transform 250ms ease;
  transition: transform 250ms ease;
  opacity: 0;
  -webkit-transform: translate(0, -8px) scale(0.8);
  -moz-transform: translate(0, -8px) scale(0.8);
  -ms-transform: translate(0, -8px) scale(0.8);
  transform: translate(0, -8px) scale(0.8);
  transform-origin: left;
  padding-left: 8px;
  left: 0;
  top: 2px;
  opacity: 1;
}

.cache-1deka0w-singleValue {
  grid-area: 1/1/2/3;
  max-width: 100%;
  overflow: hidden;
  text-overflow: ellipsis;
  white-space: nowrap;
  color: #3f4250;
  margin-left: 0;
  margin-right: 0;
  box-sizing: border-box;
  margin-top: 0;
  padding-left: 0;
}

.cache-1xwier8-inputStyles {
  visibility: visible;
  -webkit-flex: 1 1 auto;
  -ms-flex: 1 1 auto;
  flex: 1 1 auto;
  display: inline-grid;
  grid-area: 1/1/2/3;
  grid-template-columns: 0 min-content;
  margin: 2px;
  padding-bottom: 2px;
  padding-top: 0;
  color: hsl(0, 0%, 20%);
  box-sizing: border-box;
  -webkit-box-flex: 1;
  -webkit-flex-grow: 1;
  -ms-flex-positive: 1;
  flex-grow: 1;
  margin-left: 0;
  margin-left: 0px;
  caret-color: transparent;
}

.cache-1xwier8-inputStyles:after {
  content: attr(data-value) " ";
  visibility: hidden;
  white-space: pre;
  grid-area: 1/2;
  font: inherit;
  min-width: 2px;
  border: 0;
  margin: 0;
  outline: 0;
  padding: 0;
}

.cache-ralm3g-IndicatorsContainer {
  -webkit-align-items: center;
  -webkit-box-align: center;
  -ms-flex-align: center;
  align-items: center;
  -webkit-align-self: stretch;
  -ms-flex-item-align: stretch;
  align-self: stretch;
  display: -webkit-box;
  display: -webkit-flex;
  display: -ms-flexbox;
  display: flex;
  -webkit-flex-shrink: 0;
  -ms-flex-negative: 0;
  flex-shrink: 0;
  box-sizing: border-box;
  max-height: 48px;
}

.cache-dh2bvv-indicatorSeparator {
  -webkit-align-self: stretch;
  -ms-flex-item-align: stretch;
  align-self: stretch;
  width: 1px;
  background-color: #d9dadd;
  margin-bottom: 8px;
  margin-top: 8px;
  box-sizing: border-box;
  display: none;
}

.cache-1xc3v61-indicatorContainer {
  display: -webkit-box;
  display: -webkit-flex;
  display: -ms-flexbox;
  display: flex;
  -webkit-transition: color 150ms;
  transition: color 150ms;
  color: hsl(0, 0%, 80%);
  padding: 8px;
  box-sizing: border-box;
}

.cache-1xc3v61-indicatorContainer:hover {
  color: hsl(0, 0%, 60%);
}

.cache-9bqyx6 {
  display: -webkit-box;
  display: -webkit-flex;
  display: -ms-flexbox;
  display: flex;
  gap: 8px;
  -webkit-flex-direction: row;
  -ms-flex-direction: row;
  flex-direction: row;
  -webkit-align-items: center;
  -webkit-box-align: center;
  -ms-flex-align: center;
  align-items: center;
  -webkit-box-pack: normal;
  -ms-flex-pack: normal;
  -webkit-justify-content: normal;
  justify-content: normal;
  -webkit-box-flex-wrap: nowrap;
  -webkit-flex-wrap: nowrap;
  -ms-flex-wrap: nowrap;
  flex-wrap: nowrap;
}

.cache-znppnv {
  vertical-align: middle;
  fill: currentColor;
  height: 16px;
  width: 16px;
  min-width: 16px;
  min-height: 16px;
}

.cache-znppnv .fillStroke {
  stroke: currentColor;
  fill: none;
}

<div
    class="cache-e8qtir e3f5lzv0"
  >
    <div
      class="cache-igijr9-CustomTextInput epio27v1"
    >
      <div
        class="cache-bjn8wh el3h3g95"
      >
        <input
          autocomplete="on"
          class="cache-1ehejze el3h3g92"
          max="99999"
          min="1"
          name="iteration-value"
          placeholder="0"
          style="height: 40px;"
          type="number"
          value="1"
        />
      </div>
      <div
        class="cache-1lt3r2p e5hc7t70"
      >
        <div
          class="cache-xbtm7g el3h3g94"
        />
      </div>
    </div>
    <div
      class="epio27v0 epio27v0 cache-1r22via-container-StyledContainer-CustomSelectInput-CustomSelectInput e11gt5pw4"
      data-testid="select-input-iteration-unit"
    >
      <span
        class="cache-1f43avz-a11yText-A11yText"
        id="react-select-2-live-region"
      />
      <span
        aria-atomic="false"
        aria-live="polite"
        aria-relevant="additions text"
        class="cache-1f43avz-a11yText-A11yText"
        role="log"
      />
      <div
        class=" cache-zhj3xq-control"
      >
        <div
          class=" cache-1827o3p-ValueContainer"
        >
          <label
            aria-live="assertive"
            as="label"
            class="cache-110bzf5 e11gt5pw2"
            for=":r0:"
          >
            Select...
          </label>
          <div
            class=" cache-1deka0w-singleValue"
          >
            Hour(s)
          </div>
          <div
            class="cache-1xwier8-inputStyles"
            data-value=""
          >
            <input
              aria-activedescendant=""
              aria-autocomplete="list"
              aria-expanded="false"
              aria-haspopup="true"
              autocapitalize="none"
              autocomplete="off"
              autocorrect="off"
              class=""
              id=":r0:"
              role="combobox"
              spellcheck="false"
              style="opacity: 1; width: 100%; grid-area: 1 / 2; min-width: 2px; border: 0px; margin: 0px; outline: 0; padding: 0px;"
              tabindex="0"
              type="text"
              value=""
            />
          </div>
        </div>
        <div
          class=" cache-ralm3g-IndicatorsContainer"
        >
          <span
            class=" cache-dh2bvv-indicatorSeparator"
          />
          <div
            aria-hidden="true"
            class=" cache-1xc3v61-indicatorContainer"
          >
            <div
              class="cache-9bqyx6 ehpbis70"
            >
              <svg
                class="cache-znppnv e1gt4cfo0"
                viewBox="0 0 16 16"
                xmlns="http://www.w3.org/2000/svg"
              >
                <path
                  clip-rule="evenodd"
                  d="M4.22 6.22a.75.75 0 0 1 1.06 0L8 8.94l2.72-2.72a.75.75 0 1 1 1.06 1.06l-3.25 3.25a.75.75 0 0 1-1.06 0L4.22 7.28a.75.75 0 0 1 0-1.06"
                  fill-rule="evenodd"
                />
              </svg>
            </div>
          </div>
        </div>
      </div>
      <input
        name="iteration-unit"
        type="hidden"
        value="hours"
      />
      <div
        class="cache-1lt3r2p e5hc7t70"
      >
        <div
          class="cache-xbtm7g e11gt5pw3"
        />
      </div>
    </div>
  </div>
</DocumentFragment>
`;
