// Jest Snapshot v1, https://goo.gl/fbAQLP

exports[`Text renders correctly with dir 1`] = `
<DocumentFragment>
  .cache-gbpmfn-StyledText {
  color: #4a4f62;
  font-size: 16px;
  font-family: Asap;
  font-weight: 400;
  letter-spacing: 0;
  line-height: 24px;
  text-transform: none;
  -webkit-text-decoration: none;
  text-decoration: none;
  white-space: nowrap;
  text-overflow: ellipsis;
  overflow: hidden;
}

<div
    style="margin-bottom: 16px; margin-top: 8px; width: 500px;"
  >
    <div
      class="cache-gbpmfn-StyledText e13y3mga0"
      dir="rtl"
    >
      This text is quite long. Lorem ipsum dolor sit amet, consectetur adipisicing elit, sed do eiusmod tempor incididunt ut labore et dolore magna aliqua.
    </div>
  </div>
</DocumentFragment>
`;

exports[`Text renders correctly with htmlFor 1`] = `
<DocumentFragment>
  .cache-rr62n5-StyledText {
  color: #4a4f62;
  font-size: 16px;
  font-family: Asap;
  font-weight: 400;
  letter-spacing: 0;
  line-height: 24px;
  text-transform: none;
  -webkit-text-decoration: none;
  text-decoration: none;
}

<div
    style="margin-bottom: 16px; margin-top: 8px; width: 500px;"
  >
    <div
      class="cache-rr62n5-StyledText e13y3mga0"
      for="test"
    >
      This text is quite long. Lorem ipsum dolor sit amet, consectetur adipisicing elit, sed do eiusmod tempor incididunt ut labore et dolore magna aliqua.
    </div>
  </div>
</DocumentFragment>
`;

exports[`Text renders correctly with tooltip 1`] = `
<DocumentFragment>
  .cache-gbpmfn-StyledText {
  color: #4a4f62;
  font-size: 16px;
  font-family: Asap;
  font-weight: 400;
  letter-spacing: 0;
  line-height: 24px;
  text-transform: none;
  -webkit-text-decoration: none;
  text-decoration: none;
  white-space: nowrap;
  text-overflow: ellipsis;
  overflow: hidden;
}

<div
    style="margin-bottom: 16px; margin-top: 8px; width: 500px;"
  >
    <div
      class="cache-gbpmfn-StyledText e13y3mga0"
    >
      This text is quite long. Lorem ipsum dolor sit amet, consectetur adipisicing elit, sed do eiusmod tempor incididunt ut labore et dolore magna aliqua.
    </div>
  </div>
</DocumentFragment>
`;

exports[`Text renders correctly with type="body" 1`] = `
<DocumentFragment>
  .cache-rr62n5-StyledText {
  color: #4a4f62;
  font-size: 16px;
  font-family: Asap;
  font-weight: 400;
  letter-spacing: 0;
  line-height: 24px;
  text-transform: none;
  -webkit-text-decoration: none;
  text-decoration: none;
}

<div
    class="cache-rr62n5-StyledText e13y3mga0"
  >
    body
  </div>
</DocumentFragment>
`;

exports[`Text renders correctly with type="bodySmall" 1`] = `
<DocumentFragment>
  .cache-197m6sv-StyledText {
  color: #4a4f62;
  font-size: 14px;
  font-family: Asap;
  font-weight: 400;
  letter-spacing: 0;
  line-height: 20px;
  text-transform: none;
  -webkit-text-decoration: none;
  text-decoration: none;
}

<div
    class="cache-197m6sv-StyledText e13y3mga0"
  >
    bodySmall
  </div>
</DocumentFragment>
`;

exports[`Text renders correctly with type="bodySmallStrong" 1`] = `
<DocumentFragment>
  .cache-yrq8ca-StyledText {
  color: #4a4f62;
  font-size: 14px;
  font-family: Asap;
  font-weight: 500;
  letter-spacing: 0;
  line-height: 20px;
  text-transform: none;
  -webkit-text-decoration: none;
  text-decoration: none;
}

<div
    class="cache-yrq8ca-StyledText e13y3mga0"
  >
    bodySmallStrong
  </div>
</DocumentFragment>
`;

exports[`Text renders correctly with type="bodySmallStronger" 1`] = `
<DocumentFragment>
  .cache-pdmuuq-StyledText {
  color: #4a4f62;
  font-size: 14px;
  font-family: Asap;
  font-weight: 600;
  letter-spacing: 0;
  line-height: 20px;
  text-transform: none;
  -webkit-text-decoration: none;
  text-decoration: none;
}

<div
    class="cache-pdmuuq-StyledText e13y3mga0"
  >
    bodySmallStronger
  </div>
</DocumentFragment>
`;

exports[`Text renders correctly with type="bodyStrong" 1`] = `
<DocumentFragment>
  .cache-1qogttx-StyledText {
  color: #4a4f62;
  font-size: 16px;
  font-family: Asap;
  font-weight: 500;
  letter-spacing: 0;
  line-height: 24px;
  text-transform: none;
  -webkit-text-decoration: none;
  text-decoration: none;
}

<div
    class="cache-1qogttx-StyledText e13y3mga0"
  >
    bodyStrong
  </div>
</DocumentFragment>
`;

exports[`Text renders correctly with type="bodyStronger" 1`] = `
<DocumentFragment>
  .cache-1seoksd-StyledText {
  color: #4a4f62;
  font-size: 16px;
  font-family: Asap;
  font-weight: 600;
  letter-spacing: 0;
  line-height: 24px;
  text-transform: none;
  -webkit-text-decoration: none;
  text-decoration: none;
}

<div
    class="cache-1seoksd-StyledText e13y3mga0"
  >
    bodyStronger
  </div>
</DocumentFragment>
`;

exports[`Text renders correctly with type="caption" 1`] = `
<DocumentFragment>
  .cache-thtah-StyledText {
  color: #4a4f62;
  font-size: 12px;
  font-family: Asap;
  font-weight: 500;
  letter-spacing: 0;
  line-height: 16px;
  text-transform: none;
  -webkit-text-decoration: none;
  text-decoration: none;
}

<div
    class="cache-thtah-StyledText e13y3mga0"
  >
    caption
  </div>
</DocumentFragment>
`;

exports[`Text renders correctly with type="captionSmall" 1`] = `
<DocumentFragment>
  .cache-pct24a-StyledText {
  color: #4a4f62;
  font-size: 10px;
  font-family: Asap;
  font-weight: 500;
  letter-spacing: 0;
  line-height: 16px;
  text-transform: none;
  -webkit-text-decoration: none;
  text-decoration: none;
}

<div
    class="cache-pct24a-StyledText e13y3mga0"
  >
    captionSmall
  </div>
</DocumentFragment>
`;

exports[`Text renders correctly with type="code" 1`] = `
<DocumentFragment>
  .cache-1v48bjl-StyledText {
  color: #4a4f62;
  font-size: 14px;
  font-family: JetBrains;
  font-weight: 400;
  letter-spacing: 0;
  line-height: 20px;
  text-transform: none;
  -webkit-text-decoration: none;
  text-decoration: none;
}

<div
    class="cache-1v48bjl-StyledText e13y3mga0"
  >
    code
  </div>
</DocumentFragment>
`;

exports[`Text renders correctly with type="heading" 1`] = `
<DocumentFragment>
  .cache-r5s8ej-StyledText {
  color: #4a4f62;
  font-size: 25px;
  font-family: Asap;
  font-weight: 400;
  letter-spacing: 0;
  line-height: 32px;
  text-transform: none;
  -webkit-text-decoration: none;
  text-decoration: none;
}

<div
    class="cache-r5s8ej-StyledText e13y3mga0"
  >
    heading
  </div>
</DocumentFragment>
`;

exports[`Text renders correctly with type="headingLarge" 1`] = `
<DocumentFragment>
  .cache-akmnwr-StyledText {
  color: #4a4f62;
  font-size: 35px;
  font-family: Asap;
  font-weight: 400;
  letter-spacing: 0;
  line-height: 48px;
  text-transform: none;
  -webkit-text-decoration: none;
  text-decoration: none;
}

<div
    class="cache-akmnwr-StyledText e13y3mga0"
  >
    headingLarge
  </div>
</DocumentFragment>
`;

exports[`Text renders correctly with type="headingSmall" 1`] = `
<DocumentFragment>
  .cache-15ynrhu-StyledText {
  color: #4a4f62;
  font-size: 21px;
  font-family: Asap;
  font-weight: 500;
  letter-spacing: 0;
  line-height: 32px;
  text-transform: none;
  -webkit-text-decoration: none;
  text-decoration: none;
}

<div
    class="cache-15ynrhu-StyledText e13y3mga0"
  >
    headingSmall
  </div>
</DocumentFragment>
`;

exports[`Text with disabled 1`] = `
<DocumentFragment>
  .cache-i2cs88-StyledText {
  color: #c4c9d6;
  font-size: 16px;
  font-family: Asap;
  font-weight: 400;
  letter-spacing: 0;
  line-height: 24px;
  text-transform: none;
  -webkit-text-decoration: none;
  text-decoration: none;
}

<div
    class="cache-i2cs88-StyledText e13y3mga0"
  >
    Lorem Ipsum
  </div>
</DocumentFragment>
`;

exports[`Text with italic 1`] = `
<DocumentFragment>
  .cache-1q9fb91-StyledText {
  color: #4a4f62;
  font-size: 16px;
  font-family: Asap;
  font-weight: 400;
  letter-spacing: 0;
  line-height: 24px;
  text-transform: none;
  -webkit-text-decoration: none;
  text-decoration: none;
  font-style: italic;
}

<div
    class="cache-1q9fb91-StyledText e13y3mga0"
  >
    Lorem Ipsum
  </div>
</DocumentFragment>
`;

exports[`Text with multiple nested chidldren renders correctly 1`] = `
<DocumentFragment>
  .cache-rr62n5-StyledText {
  color: #4a4f62;
  font-size: 16px;
  font-family: Asap;
  font-weight: 400;
  letter-spacing: 0;
  line-height: 24px;
  text-transform: none;
  -webkit-text-decoration: none;
  text-decoration: none;
}

.cache-r5s8ej-StyledText {
  color: #4a4f62;
  font-size: 25px;
  font-family: Asap;
  font-weight: 400;
  letter-spacing: 0;
  line-height: 32px;
  text-transform: none;
  -webkit-text-decoration: none;
  text-decoration: none;
}

<div
    class="cache-rr62n5-StyledText e13y3mga0"
  >
    Lorem
    <span>
      Ipsum
    </span>
    <span
      class="cache-r5s8ej-StyledText e13y3mga0"
    >
      <span>
        Dolor
      </span>
    </span>
    Sit
  </div>
</DocumentFragment>
`;

exports[`Text with prominence stronger on non neutral 1`] = `
<DocumentFragment>
  .cache-1f6iusw-StyledText {
  color: #a6102d;
  font-size: 16px;
  font-family: Asap;
  font-weight: 400;
  letter-spacing: 0;
  line-height: 24px;
  text-transform: none;
  -webkit-text-decoration: none;
  text-decoration: none;
}

<div
    class="cache-1f6iusw-StyledText e13y3mga0"
  >
    Lorem Ipsum
  </div>
</DocumentFragment>
`;

exports[`Text with underline 1`] = `
<DocumentFragment>
  .cache-17y3r54-StyledText {
  color: #4a4f62;
  font-size: 16px;
  font-family: Asap;
  font-weight: 400;
  letter-spacing: 0;
  line-height: 24px;
  text-transform: none;
  -webkit-text-decoration: none;
  text-decoration: none;
  -webkit-text-decoration: underline;
  text-decoration: underline;
}

<div
    class="cache-17y3r54-StyledText e13y3mga0"
  >
    Lorem Ipsum
  </div>
</DocumentFragment>
`;
