// Vitest Snapshot v1, https://vitest.dev/guide/snapshot.html

exports[`ids > getUUID > returns correctly with a prefix 1`] = `"ah-6c756c756c756c756c756c756c756c75"`;

exports[`ids > getUUID > returns correctly without arguments 1`] = `"6c756c756c756c756c756c756c756c75"`;
