// Jest Snapshot v1, https://goo.gl/fbAQLP

exports[`BarChartTooltip renders correctly 1`] = `
<DocumentFragment>
  .cache-4j5kyg-BarToolTipContainer {
  display: -webkit-box;
  display: -webkit-flex;
  display: -ms-flexbox;
  display: flex;
  background: #ffffff;
  border-radius: 2px;
  box-shadow: 0px 4px 32px 8px #D4DAE766;
  padding: 5px 9px;
  -webkit-align-items: center;
  -webkit-box-align: center;
  -ms-flex-align: center;
  align-items: center;
}

.cache-mj2zyc-BarColorSquare {
  display: block;
  width: 12px;
  height: 12px;
  background: #ff0000;
  margin-right: 12px;
}

.cache-xz80lf-StyledText {
  color: #390171;
  font-size: 16px;
  font-family: Asap;
  font-weight: 600;
  letter-spacing: 0;
  line-height: 24px;
  text-transform: none;
  -webkit-text-decoration: none;
  text-decoration: none;
}

.cache-197m6sv-StyledText {
  color: #4a4f62;
  font-size: 14px;
  font-family: Asap;
  font-weight: 400;
  letter-spacing: 0;
  line-height: 20px;
  text-transform: none;
  -webkit-text-decoration: none;
  text-decoration: none;
}

<div
    class="cache-4j5kyg-BarToolTipContainer ec3t33s1"
  >
    <div>
      <span
        class="cache-mj2zyc-BarColorSquare ec3t33s0"
      />
    </div>
    <div>
      <p
        class="cache-xz80lf-StyledText e1tg3t120"
      >
        10 kb
      </p>
      <p
        class="cache-197m6sv-StyledText e1tg3t120"
      >
        2020-02-20
      </p>
    </div>
  </div>
</DocumentFragment>
`;
