// Jest Snapshot v1, https://goo.gl/fbAQLP

exports[`PasswordCheck render with custom values 1`] = `
<DocumentFragment>
  .emotion-0 {
  width: 100%;
  margin-left: auto;
  margin-right: auto;
  padding-left: 0;
  padding-right: 0;
}

.emotion-2 {
  box-sizing: border-box;
  -webkit-box-flex: 1;
  -webkit-flex-grow: 1;
  -ms-flex-positive: 1;
  flex-grow: 1;
  -webkit-box-flex-wrap: wrap;
  -webkit-flex-wrap: wrap;
  -ms-flex-wrap: wrap;
  flex-wrap: wrap;
  display: -webkit-box;
  display: -webkit-flex;
  display: -ms-flexbox;
  display: flex;
  margin-left: -8px;
  margin-right: -8px;
}

.emotion-4 {
  box-sizing: border-box;
  -webkit-flex-basis: 0;
  -ms-flex-preferred-size: 0;
  flex-basis: 0;
  -webkit-box-flex: 1;
  -webkit-flex-grow: 1;
  -ms-flex-positive: 1;
  flex-grow: 1;
  max-width: 100%;
  position: relative;
  width: 100%;
  min-height: 1px;
  padding-left: 8px;
  padding-right: 8px;
}

@media (min-width: 992px) {
  .emotion-4 {
    -webkit-flex: 0 0 50%;
    -ms-flex: 0 0 50%;
    flex: 0 0 50%;
    max-width: 50%;
  }
}

.emotion-6 {
  display: -webkit-box;
  display: -webkit-flex;
  display: -ms-flexbox;
  display: flex;
  -webkit-align-items: center;
  -webkit-box-align: center;
  -ms-flex-align: center;
  align-items: center;
  margin: 0 0 8px 0;
  font-size: 14px;
}

.emotion-7 {
  fill: darkGrey;
  vertical-align: middle;
  height: 20px;
  width: 20px;
  min-width: 20px;
  min-height: 20px;
  margin-right: 8px;
  -webkit-align-self: center;
  -ms-flex-item-align: center;
  align-self: center;
}

.emotion-11 {
  fill: #45d6b5;
  vertical-align: middle;
  height: 20px;
  width: 20px;
  min-width: 20px;
  min-height: 20px;
  margin-right: 8px;
  -webkit-align-self: center;
  -ms-flex-item-align: center;
  align-self: center;
}

<div
    class="sui-box emotion-0 emotion-1"
  >
    <div
      class="sui-box emotion-2 emotion-3"
    >
      <div
        class="sui-box emotion-4 emotion-5"
      >
        <p
          class="emotion-6"
        >
          <svg
            class="sui-box emotion-7"
            viewBox="0 0 24 24"
          >
            <path
              d="M12,20C7.59,20 4,16.41 4,12C4,7.59 7.59,4 12,4C16.41,4 20,7.59 20,12C20,16.41 16.41,20 12,20M12,2C6.47,2 2,6.47 2,12C2,17.53 6.47,22 12,22C17.53,22 22,17.53 22,12C22,6.47 17.53,2 12,2M14.59,8L12,10.59L9.41,8L8,9.41L10.59,12L8,14.59L9.41,16L12,13.41L14.59,16L16,14.59L13.41,12L16,9.41L14.59,8Z"
            />
          </svg>
          That's a beautiful custom password check we have right there
        </p>
      </div>
      <div
        class="sui-box emotion-4 emotion-5"
      >
        <p
          class="emotion-6"
        >
          <svg
            class="sui-box emotion-11"
            viewBox="0 0 24 24"
          >
            <path
              d="M12,2A10,10 0 0,1 22,12A10,10 0 0,1 12,22A10,10 0 0,1 2,12A10,10 0 0,1 12,2M12,4A8,8 0 0,0 4,12A8,8 0 0,0 12,20A8,8 0 0,0 20,12A8,8 0 0,0 12,4M11,16.5L6.5,12L7.91,10.59L11,13.67L16.59,8.09L18,9.5L11,16.5Z"
            />
          </svg>
          That's a second beautiful custom password check we have right there
        </p>
      </div>
    </div>
  </div>
</DocumentFragment>
`;
