// Jest Snapshot v1, https://goo.gl/fbAQLP

exports[`BulletList renders correctly  1`] = `
<DocumentFragment>
  .cache-7078ng-Steps {
  list-style: none;
  padding-left: 16px;
  margin-top: 24px;
  text-align: left;
  font-size: 16px;
}

.cache-z01g5q-Step {
  margin-bottom: 24px;
  display: -webkit-box;
  display: -webkit-flex;
  display: -ms-flexbox;
  display: flex;
}

.cache-1da3zhe-Chip {
  display: inline-block;
  min-width: 24px;
  height: 24px;
  border-radius: 12px;
  background-color: #4a4f62;
  color: #ffffff;
  margin-right: 8px;
  text-align: center;
  font-weight: 600;
}

.cache-1talnks-StyledDiv {
  width: 100%;
}

<ul
    class="cache-7078ng-Steps e12g85273"
  >
    <li
      class="cache-z01g5q-Step e12g85272"
    >
      <span
        class="cache-1da3zhe-Chip e12g85271"
      >
        1
      </span>
      <div
        class="cache-1talnks-StyledDiv e12g85270"
      >
        <div>
          a
        </div>
      </div>
    </li>
    <li
      class="cache-z01g5q-Step e12g85272"
    >
      <span
        class="cache-1da3zhe-Chip e12g85271"
      >
        2
      </span>
      <div
        class="cache-1talnks-StyledDiv e12g85270"
      >
        <div>
          b
        </div>
      </div>
    </li>
    <li
      class="cache-z01g5q-Step e12g85272"
    >
      <span
        class="cache-1da3zhe-Chip e12g85271"
      >
        3
      </span>
      <div
        class="cache-1talnks-StyledDiv e12g85270"
      >
        <div>
          c
        </div>
      </div>
    </li>
  </ul>
</DocumentFragment>
`;

exports[`BulletList renders correctly with custom keyPrefix 1`] = `
<DocumentFragment>
  .cache-7078ng-Steps {
  list-style: none;
  padding-left: 16px;
  margin-top: 24px;
  text-align: left;
  font-size: 16px;
}

.cache-z01g5q-Step {
  margin-bottom: 24px;
  display: -webkit-box;
  display: -webkit-flex;
  display: -ms-flexbox;
  display: flex;
}

.cache-1da3zhe-Chip {
  display: inline-block;
  min-width: 24px;
  height: 24px;
  border-radius: 12px;
  background-color: #4a4f62;
  color: #ffffff;
  margin-right: 8px;
  text-align: center;
  font-weight: 600;
}

.cache-1talnks-StyledDiv {
  width: 100%;
}

<ul
    class="cache-7078ng-Steps e12g85273"
  >
    <li
      class="cache-z01g5q-Step e12g85272"
    >
      <span
        class="cache-1da3zhe-Chip e12g85271"
      >
        1
      </span>
      <div
        class="cache-1talnks-StyledDiv e12g85270"
      >
        <div>
          a
        </div>
      </div>
    </li>
    <li
      class="cache-z01g5q-Step e12g85272"
    >
      <span
        class="cache-1da3zhe-Chip e12g85271"
      >
        2
      </span>
      <div
        class="cache-1talnks-StyledDiv e12g85270"
      >
        <div>
          b
        </div>
      </div>
    </li>
    <li
      class="cache-z01g5q-Step e12g85272"
    >
      <span
        class="cache-1da3zhe-Chip e12g85271"
      >
        3
      </span>
      <div
        class="cache-1talnks-StyledDiv e12g85270"
      >
        y
      </div>
    </li>
    <li
      class="cache-z01g5q-Step e12g85272"
    >
      <span
        class="cache-1da3zhe-Chip e12g85271"
      >
        4
      </span>
      <div
        class="cache-1talnks-StyledDiv e12g85270"
      >
        <div>
          c
        </div>
      </div>
    </li>
  </ul>
</DocumentFragment>
`;
