// Jest Snapshot v1, https://goo.gl/fbAQLP

exports[`Label renders correctly 1`] = `
<DocumentFragment>
  .cache-1h8afq7 {
  color: #4a4f62;
  font-size: 16px;
  line-height: 24px;
  font-weight: 500;
  margin-bottom: 8px;
}

<label
    class="cache-1h8afq7 ehgdzbt0"
  >
    I'm a Label
  </label>
</DocumentFragment>
`;
