// Jest Snapshot v1, https://goo.gl/fbAQLP

exports[`Expandable renders correctly opened 1`] = `
<DocumentFragment>
  .cache-1dd9dhh {
  -webkit-transition: max-height 300ms ease-out,opacity 300ms ease-out;
  transition: max-height 300ms ease-out,opacity 300ms ease-out;
  max-height: 0;
  overflow: hidden;
  opacity: 0;
  height: auto;
  margin-top: 0;
  -webkit-transition: max-height 300ms ease-in,opacity 300ms ease-in;
  transition: max-height 300ms ease-in,opacity 300ms ease-in;
  max-height: 5000px;
  opacity: 1;
  overflow: visible;
}

<div
    class="e14o3tsk0 cache-1dd9dhh e7ah3bn0"
  >
    Sample Expandable
  </div>
</DocumentFragment>
`;

exports[`Expandable renders correctly with default values 1`] = `
<DocumentFragment>
  .cache-rhqxh4 {
  -webkit-transition: max-height 300ms ease-out,opacity 300ms ease-out;
  transition: max-height 300ms ease-out,opacity 300ms ease-out;
  max-height: 0;
  overflow: hidden;
  opacity: 0;
  height: auto;
  margin-top: 0;
}

<div
    class="e14o3tsk0 cache-rhqxh4 e7ah3bn0"
  >
    Sample Expandable
  </div>
</DocumentFragment>
`;
