// Jest Snapshot v1, https://goo.gl/fbAQLP

exports[`PasswordStrengthMeter render with empty password 1`] = `
<DocumentFragment>
  .cache-8u742q-StyledText-StyledTitle {
  color: #464959;
  font-size: 14px;
  font-family: Asap;
  font-weight: 500;
  letter-spacing: 0;
  line-height: 20px;
  text-transform: none;
  -webkit-text-decoration: none;
  text-decoration: none;
  display: inline-block;
  vertical-align: top;
  line-height: 22px;
}

.cache-lu4fft-StyledText-StyledStrength {
  color: #464959;
  font-size: 14px;
  font-family: Asap;
  font-weight: 500;
  letter-spacing: 0;
  line-height: 20px;
  text-transform: none;
  -webkit-text-decoration: none;
  text-decoration: none;
  float: right;
  vertical-align: top;
  color: #b3144d;
}

.cache-15hdd4c-StyledWrapper {
  background-color: #f3f3f4;
  border-radius: 4px;
  height: 8px;
  margin-top: 8px;
  margin-bottom: 16px;
}

.cache-oco914-StyledMeter {
  border-radius: 4px;
  height: 100%;
  -webkit-transition: all 0.5s;
  transition: all 0.5s;
}

<div
    aria-live="polite"
    role="alert"
    title="MyTitle"
  >
    <p
      class="e1uv9umu3 cache-8u742q-StyledText-StyledTitle e13y3mga0"
    >
      MyTitle
    </p>
    <span
      class="e1uv9umu2 cache-lu4fft-StyledText-StyledStrength e13y3mga0"
    >
      veryWeak
    </span>
    <div
      class="cache-15hdd4c-StyledWrapper e1uv9umu1"
    >
      <div
        class="cache-oco914-StyledMeter e1uv9umu0"
        style="background-color: rgb(179, 20, 77); width: 20%;"
      />
    </div>
  </div>
</DocumentFragment>
`;

exports[`PasswordStrengthMeter render with medium password 1`] = `
<DocumentFragment>
  .cache-8u742q-StyledText-StyledTitle {
  color: #464959;
  font-size: 14px;
  font-family: Asap;
  font-weight: 500;
  letter-spacing: 0;
  line-height: 20px;
  text-transform: none;
  -webkit-text-decoration: none;
  text-decoration: none;
  display: inline-block;
  vertical-align: top;
  line-height: 22px;
}

.cache-lu4fft-StyledText-StyledStrength {
  color: #464959;
  font-size: 14px;
  font-family: Asap;
  font-weight: 500;
  letter-spacing: 0;
  line-height: 20px;
  text-transform: none;
  -webkit-text-decoration: none;
  text-decoration: none;
  float: right;
  vertical-align: top;
  color: #b3144d;
}

.cache-15hdd4c-StyledWrapper {
  background-color: #f3f3f4;
  border-radius: 4px;
  height: 8px;
  margin-top: 8px;
  margin-bottom: 16px;
}

.cache-oco914-StyledMeter {
  border-radius: 4px;
  height: 100%;
  -webkit-transition: all 0.5s;
  transition: all 0.5s;
}

<div
    aria-live="polite"
    role="alert"
    title="MyTitle"
  >
    <p
      class="e1uv9umu3 cache-8u742q-StyledText-StyledTitle e13y3mga0"
    >
      MyTitle
    </p>
    <span
      class="e1uv9umu2 cache-lu4fft-StyledText-StyledStrength e13y3mga0"
    >
      veryWeak
    </span>
    <div
      class="cache-15hdd4c-StyledWrapper e1uv9umu1"
    >
      <div
        class="cache-oco914-StyledMeter e1uv9umu0"
        style="background-color: rgb(179, 20, 77); width: 20%;"
      />
    </div>
  </div>
</DocumentFragment>
`;

exports[`PasswordStrengthMeter render with strong password 1`] = `
<DocumentFragment>
  .cache-8u742q-StyledText-StyledTitle {
  color: #464959;
  font-size: 14px;
  font-family: Asap;
  font-weight: 500;
  letter-spacing: 0;
  line-height: 20px;
  text-transform: none;
  -webkit-text-decoration: none;
  text-decoration: none;
  display: inline-block;
  vertical-align: top;
  line-height: 22px;
}

.cache-lu4fft-StyledText-StyledStrength {
  color: #464959;
  font-size: 14px;
  font-family: Asap;
  font-weight: 500;
  letter-spacing: 0;
  line-height: 20px;
  text-transform: none;
  -webkit-text-decoration: none;
  text-decoration: none;
  float: right;
  vertical-align: top;
  color: #b3144d;
}

.cache-15hdd4c-StyledWrapper {
  background-color: #f3f3f4;
  border-radius: 4px;
  height: 8px;
  margin-top: 8px;
  margin-bottom: 16px;
}

.cache-oco914-StyledMeter {
  border-radius: 4px;
  height: 100%;
  -webkit-transition: all 0.5s;
  transition: all 0.5s;
}

<div
    aria-live="polite"
    role="alert"
    title="MyTitle"
  >
    <p
      class="e1uv9umu3 cache-8u742q-StyledText-StyledTitle e13y3mga0"
    >
      MyTitle
    </p>
    <span
      class="e1uv9umu2 cache-lu4fft-StyledText-StyledStrength e13y3mga0"
    >
      veryWeak
    </span>
    <div
      class="cache-15hdd4c-StyledWrapper e1uv9umu1"
    >
      <div
        class="cache-oco914-StyledMeter e1uv9umu0"
        style="background-color: rgb(179, 20, 77); width: 20%;"
      />
    </div>
  </div>
</DocumentFragment>
`;

exports[`PasswordStrengthMeter render with very strong password 1`] = `
<DocumentFragment>
  .cache-8u742q-StyledText-StyledTitle {
  color: #464959;
  font-size: 14px;
  font-family: Asap;
  font-weight: 500;
  letter-spacing: 0;
  line-height: 20px;
  text-transform: none;
  -webkit-text-decoration: none;
  text-decoration: none;
  display: inline-block;
  vertical-align: top;
  line-height: 22px;
}

.cache-lu4fft-StyledText-StyledStrength {
  color: #464959;
  font-size: 14px;
  font-family: Asap;
  font-weight: 500;
  letter-spacing: 0;
  line-height: 20px;
  text-transform: none;
  -webkit-text-decoration: none;
  text-decoration: none;
  float: right;
  vertical-align: top;
  color: #b3144d;
}

.cache-15hdd4c-StyledWrapper {
  background-color: #f3f3f4;
  border-radius: 4px;
  height: 8px;
  margin-top: 8px;
  margin-bottom: 16px;
}

.cache-oco914-StyledMeter {
  border-radius: 4px;
  height: 100%;
  -webkit-transition: all 0.5s;
  transition: all 0.5s;
}

<div
    aria-live="polite"
    role="alert"
    title="MyTitle"
  >
    <p
      class="e1uv9umu3 cache-8u742q-StyledText-StyledTitle e13y3mga0"
    >
      MyTitle
    </p>
    <span
      class="e1uv9umu2 cache-lu4fft-StyledText-StyledStrength e13y3mga0"
    >
      veryWeak
    </span>
    <div
      class="cache-15hdd4c-StyledWrapper e1uv9umu1"
    >
      <div
        class="cache-oco914-StyledMeter e1uv9umu0"
        style="background-color: rgb(179, 20, 77); width: 20%;"
      />
    </div>
  </div>
</DocumentFragment>
`;

exports[`PasswordStrengthMeter render with weak password 1`] = `
<DocumentFragment>
  .cache-8u742q-StyledText-StyledTitle {
  color: #464959;
  font-size: 14px;
  font-family: Asap;
  font-weight: 500;
  letter-spacing: 0;
  line-height: 20px;
  text-transform: none;
  -webkit-text-decoration: none;
  text-decoration: none;
  display: inline-block;
  vertical-align: top;
  line-height: 22px;
}

.cache-lu4fft-StyledText-StyledStrength {
  color: #464959;
  font-size: 14px;
  font-family: Asap;
  font-weight: 500;
  letter-spacing: 0;
  line-height: 20px;
  text-transform: none;
  -webkit-text-decoration: none;
  text-decoration: none;
  float: right;
  vertical-align: top;
  color: #b3144d;
}

.cache-15hdd4c-StyledWrapper {
  background-color: #f3f3f4;
  border-radius: 4px;
  height: 8px;
  margin-top: 8px;
  margin-bottom: 16px;
}

.cache-oco914-StyledMeter {
  border-radius: 4px;
  height: 100%;
  -webkit-transition: all 0.5s;
  transition: all 0.5s;
}

<div
    aria-live="polite"
    role="alert"
    title="MyTitle"
  >
    <p
      class="e1uv9umu3 cache-8u742q-StyledText-StyledTitle e13y3mga0"
    >
      MyTitle
    </p>
    <span
      class="e1uv9umu2 cache-lu4fft-StyledText-StyledStrength e13y3mga0"
    >
      veryWeak
    </span>
    <div
      class="cache-15hdd4c-StyledWrapper e1uv9umu1"
    >
      <div
        class="cache-oco914-StyledMeter e1uv9umu0"
        style="background-color: rgb(179, 20, 77); width: 20%;"
      />
    </div>
  </div>
</DocumentFragment>
`;
