// Jest Snapshot v1, https://goo.gl/fbAQLP

exports[`DynamicIllustration should work with dark theme 1`] = `
<DocumentFragment>
  <img
    alt="empty"
    src="test-file-stub"
  />
</DocumentFragment>
`;

exports[`DynamicIllustration should work with light theme 1`] = `
<DocumentFragment>
  <img
    alt="empty"
    src="test-file-stub"
  />
</DocumentFragment>
`;
